  • electron-builder  version=25.1.8 os=25.5.0
  • loaded configuration  file=package.json ("build" field)
  • skipped dependencies rebuild  reason=npmRebuild is set to false
  • packaging       platform=darwin arch=arm64 electron=40.8.3 appOutDir=dist/mac-arm64
  • downloading     url=https://github.com/electron/electron/releases/download/v40.8.3/electron-v40.8.3-darwin-arm64.zip size=114 MB parts=8
  • downloaded      url=https://github.com/electron/electron/releases/download/v40.8.3/electron-v40.8.3-darwin-arm64.zip duration=1m7.292s
  • skipped macOS application code signing  reason=cannot find valid "Developer ID Application" identity or custom non-Apple code signing certificate, it could cause some undefined behaviour, e.g. macOS localized description not visible, see https://electron.build/code-signing allIdentities=     0 identities found
                                                Valid identities only
     0 valid identities found
packaged_dir_exit=0
  • electron-builder  version=25.1.8 os=25.5.0
  • loaded configuration  file=package.json ("build" field)
  • skipped dependencies rebuild  reason=npmRebuild is set to false
  • packaging       platform=darwin arch=arm64 electron=40.8.3 appOutDir=dist/mac-arm64
  • skipped macOS application code signing  reason=cannot find valid "Developer ID Application" identity or custom non-Apple code signing certificate, it could cause some undefined behaviour, e.g. macOS localized description not visible, see https://electron.build/code-signing allIdentities=     0 identities found
                                                Valid identities only
     0 valid identities found
repackaged_dir_exit=0
  • electron-builder  version=25.1.8 os=25.5.0
  • loaded configuration  file=package.json ("build" field)
  • skipped dependencies rebuild  reason=npmRebuild is set to false
  • packaging       platform=darwin arch=arm64 electron=40.8.3 appOutDir=dist/mac-arm64
  • skipped macOS application code signing  reason=cannot find valid "Developer ID Application" identity or custom non-Apple code signing certificate, it could cause some undefined behaviour, e.g. macOS localized description not visible, see https://electron.build/code-signing allIdentities=     0 identities found
                                                Valid identities only
     0 valid identities found
